// Jest Snapshot v1, https://goo.gl/fbAQLP

exports[`Component test Renders correctly 1`] = `"<div class=\\"MuiGrid-root makeStyles-root-1 MuiGrid-container\\"><div class=\\"MuiGrid-root makeStyles-bgImage-2 MuiGrid-item MuiGrid-grid-md-7\\"></div><div class=\\"MuiPaper-root MuiGrid-root MuiGrid-item MuiGrid-grid-xs-12 MuiGrid-grid-sm-12 MuiGrid-grid-md-5 MuiPaper-elevation6\\"><div class=\\"makeStyles-paper-3\\"></div></div></div>"`;
